I'm sorry, but errors were detected in your script. Please correct the
errors listed below, and try again.


File "game/kuis.rpy", line 26: expected an indented block
    def next_question():
    ^

Ren'Py Version: Ren'Py 8.3.3.24111502
Thu Dec 12 12:15:37 2024
